// Jest Snapshot v1, https://goo.gl/fbAQLP

exports[`useFrom renders props.msg when passed 1`] = `
VueWrapper {
  "__app": Object {
    "_component": Object {
      "__emits": Object {
        "0": Object {},
      },
      "__props": Object {
        "0": Array [
          Object {},
          Array [],
        ],
      },
      "name": "VTU_ROOT",
      "render": [Function],
    },
    "_container": <div
      data-v-app=""
      id="app"
    >
      <div>
        <input
          id="name"
          type="text"
        />
        <input
          type="text"
        />
        <input
          type="email"
        />
        <button>
           submit 
        </button>
      </div>
    </div>,
    "_context": Object {
      "app": [Circular],
      "components": Object {},
      "config": Object {
        "errorHandler": undefined,
        "globalProperties": Object {},
        "isCustomElement": [Function],
        "isNativeTag": [Function],
        "optionMergeStrategies": Object {},
        "performance": false,
        "warnHandler": undefined,
      },
      "directives": Object {},
      "mixins": Array [
        Object {
          "__emits": Object {
            "0": null,
          },
          "__props": Object {
            "0": Array [],
          },
          "beforeCreate": [Function],
        },
        Object {
          "__emits": Object {
            "0": null,
          },
          "__props": Object {
            "0": Array [],
          },
          "beforeCreate": [Function],
        },
      ],
      "provides": Object {},
      "reload": [Function],
    },
    "_props": null,
    "_uid": 0,
    "component": [Function],
    "config": Object {
      "errorHandler": undefined,
      "globalProperties": Object {},
      "isCustomElement": [Function],
      "isNativeTag": [Function],
      "optionMergeStrategies": Object {},
      "performance": false,
      "warnHandler": undefined,
    },
    "directive": [Function],
    "mixin": [Function],
    "mount": [Function],
    "provide": [Function],
    "unmount": [Function],
    "use": [Function],
    "version": "3.0.0",
  },
  "__setProps": [Function],
  "componentVM": Object {
    "__emitted": Object {},
    "ageField": Object {
      "errors": undefined,
      "ref": [Function],
      "value": 1,
    },
    "defaultValues": Object {
      "age": 1,
      "info": Object {
        "city": "beijing",
        "email": "hello@example.com",
      },
      "name": "wang",
      "notInclude": "notInclude",
    },
    "emailField": Object {
      "errors": undefined,
      "ref": [Function],
      "value": "hello@example.com",
    },
    "getFieldValues": [Function],
    "nameField": Object {
      "errors": undefined,
      "ref": [Function],
      "value": "wang",
    },
    "state": Object {
      "visible": true,
    },
    "submit": [Function],
    "validateField": [Function],
    "validateFields": [Function],
    "values": Object {
      "age": 1,
      "info": Object {
        "city": "beijing",
        "email": "hello@example.com",
      },
      "name": "wang",
      "notInclude": "notInclude",
    },
  },
  "rootVM": Object {
    "__emitted": Object {},
  },
}
`;
